System Monitor Report - 2026-06-04_14-25-09
===================================

CPU Usage (load average):
 14:25:09 up  2:50,  1 user,  load average: 0.02, 0.03, 0.00

Memory Usage:
               total        used        free      shared  buff/cache   available
Mem:           7.6Gi       1.4Gi       6.1Gi       3.4Mi       321Mi       6.2Gi
Swap:          2.0Gi          0B       2.0Gi

Disk Usage:
Filesystem      Size  Used Avail Use% Mounted on
none            3.9G     0  3.9G   0% /usr/lib/modules/5.15.167.4-microsoft-standard-WSL2
none            3.9G  4.0K  3.9G   1% /mnt/wsl
drivers         475G  372G  104G  79% /usr/lib/wsl/drivers
/dev/sdc       1007G  9.4G  947G   1% /
none            3.9G   80K  3.9G   1% /mnt/wslg
none            3.9G     0  3.9G   0% /usr/lib/wsl/lib
rootfs          3.9G  2.4M  3.9G   1% /init
none            3.9G  808K  3.9G   1% /run
none            3.9G     0  3.9G   0% /run/lock
none            3.9G     0  3.9G   0% /run/shm
tmpfs           4.0M     0  4.0M   0% /sys/fs/cgroup
none            3.9G   76K  3.9G   1% /mnt/wslg/versions.txt
none            3.9G   76K  3.9G   1% /mnt/wslg/doc
C:\             475G  372G  104G  79% /mnt/c
snapfuse         67M   67M     0 100% /snap/core24/1643
snapfuse         11M   11M     0 100% /snap/htop/5913
snapfuse         50M   50M     0 100% /snap/snapd/26865
tmpfs           780M   16K  780M   1% /run/user/1001

Top 5 Processes by Memory Usage:
USER         PID %CPU %MEM    VSZ   RSS TTY      STAT START   TIME COMMAND
jamaa        628  3.1  8.2 44532624 658920 pts/2 Sl+  11:37   5:21 /home/jamaa/.vscode-server/bin/f6cfa2ea2403534de03f069bdf160d06451ed282/node --dns-result-order=ipv4first /home/jamaa/.vscode-server/bin/f6cfa2ea2403534de03f069bdf160d06451ed282/out/bootstrap-fork --type=extensionHost --transformURIs --useHostProxy=true
jamaa        566  0.2  1.4 11838760 111992 pts/2 Sl+  11:37   0:22 /home/jamaa/.vscode-server/bin/f6cfa2ea2403534de03f069bdf160d06451ed282/node /home/jamaa/.vscode-server/bin/f6cfa2ea2403534de03f069bdf160d06451ed282/out/server-main.js --host=127.0.0.1 --port=0 --connection-token=3217748598-1936987670-1723996168-2503043509 --use-host-proxy --without-browser-env-var --disable-websocket-compression --accept-server-license-terms --telemetry-level=all
jamaa        835  0.1  0.9 1065172 78116 pts/2   Sl+  11:37   0:10 /home/jamaa/.vscode-server/bin/f6cfa2ea2403534de03f069bdf160d06451ed282/node /home/jamaa/.vscode-server/bin/f6cfa2ea2403534de03f069bdf160d06451ed282/out/bootstrap-fork --type=ptyHost --logsPath /home/jamaa/.vscode-server/data/logs/20260604T113704
jamaa        580  0.0  0.8 1022924 65600 pts/3   Ssl+ 11:37   0:07 /home/jamaa/.vscode-server/bin/f6cfa2ea2403534de03f069bdf160d06451ed282/node -e const net = require('net'); process.stdin.pause(); const client = net.createConnection({ host: '127.0.0.1', port: 44357 }, () => { client.pipe(process.stdout); process.stdin.pipe(client); }); client.on('close', function (hadError) { console.error(hadError ? 'Remote close with error' : 'Remote close'); process.exit(hadError ? 1 : 0); }); client.on('error', function (err) { process.stderr.write(err && (err.stack || err.message) || String(err)); });
jamaa        595  0.0  0.7 1264136 62288 pts/2   Sl+  11:37   0:02 /home/jamaa/.vscode-server/bin/f6cfa2ea2403534de03f069bdf160d06451ed282/node /home/jamaa/.vscode-server/bin/f6cfa2ea2403534de03f069bdf160d06451ed282/out/bootstrap-fork --type=fileWatcher

